// Jest Snapshot v1, https://goo.gl/fbAQLP

exports[`signup testing renders correctly 1`] = `
<button>
  Login
</button>
`;
